error: parameter not declared in the function
 --> tests/invalid_cases/job/03_undefined_param.rs:3:25
  |
3 | #[job(id = 0, params(n, t), event_listener(listener = null), result(Vec<u8>))]
  |                         ^
